// Jest Snapshot v1, https://goo.gl/fbAQLP

exports[`<SubmitButton /> SubmitButton 랜더링 확인 1`] = `
.c1 {
  cursor: pointer;
  -webkit-transition: all 0.6s cubic-bezier(0.9,0.24,0.4,1);
  transition: all 0.6s cubic-bezier(0.9,0.24,0.4,1);
}

.c1:hover {
  box-shadow: inset 00px 100px 0px 0px #6098ff;
  color: #ffffff;
}

.c0 {
  display: -webkit-box;
  display: -webkit-flex;
  display: -ms-flexbox;
  display: flex;
}

.c0 > button {
  width: 8rem;
  height: 3rem;
  font-size: 1.2rem;
  margin-right: 1rem;
  background-color: lightcoral;
}

.c0 > button:last-child {
  margin-right: 0;
  background-color: lightblue;
}

<div>
  <div
    class="c0"
  >
    <button
      class="c1"
    >
       취소 
    </button>
    <button
      class="c1"
    >
       확인 
    </button>
  </div>
</div>
`;
